66.249.66.194 - - [22/Jan/2019:04:45:55 +0330] "GET /m/filter/b218,p5767 HTTP/1.1" 200 19012 "-" "Mozilla/5.0 (Linux; Android 6.0.1; Nexus 5X Build/MMB29P) AppleWebKit/537.36 (KHTML, like Gecko) Chrome/41.0.2272.96 Mobile Safari/537.36 (compatible; Googlebot/2.1; +http://www.google.com/bot.html)" "-"
17.58.102.43 - - [22/Jan/2019:04:45:55 +0330] "GET /filter?f=b262%2Cb221%2Cb462%2Cb541%2Cb203%2Cb580%2Cb601%2Cb276%2Cb442%2Cb648&o=b HTTP/1.1" 302 0 "-" "Mozilla/5.0 (Macintosh; Intel Mac OS X 10_10_1) AppleWebKit/600.2.5 (KHTML, like Gecko) Version/8.0.2 Safari/600.2.5 (Applebot/0.1; +http://www.apple.com/go/applebot)" "-"
31.184.135.122 - - [22/Jan/2019:04:45:55 +0330] "GET /filter?f=b1,b103,b105,b135,b508,b546&o=b HTTP/1.1" 301 178 "http://www.zanbil.ir/" "Mozilla/5.0 (compatible; Parsijoobot; +http://www.parsijoo.ir/bot.html; crawler@parsijoo.ir)" "-"
63.143.42.246 - - [22/Jan/2019:04:45:55 +0330] "HEAD / HTTP/1.1" 200 0 "http://www.zanbil.ir" "Mozilla/5.0+(compatible; UptimeRobot/2.0; http://www.uptimerobot.com/)" "-"
54.37.16.239 - - [22/Jan/2019:04:45:56 +0330] "GET /m/browse/Professional-keyboards/%DA%A9%DB%8C%D8%A8%D9%88%D8%B1%D8%AF-%D8%AD%D8%B1%D9%81%D9%87-%D8%A7%DB%8C HTTP/1.1" 200 18143 "https://www.zanbil.ir/m/browse/keyboards/%DA%A9%DB%8C%D8%A8%D9%88%D8%B1%D8%AF" "Mozilla/5.0 (Linux; Android 9; G8142 Build/47.2.A.4.41) AppleWebKit/537.36 (KHTML, like Gecko) Chrome/69.0.3497.100 Mobile Safari/537.36" "-"
17.58.102.43 - - [22/Jan/2019:04:45:56 +0330] "GET /filter?f=b211%2Cb502%2Cb214%2Cb389%2Cb335%2Cb554%2Cb592%2Cb149%2Cb435&o=b HTTP/1.1" 302 0 "-" "Mozilla/5.0 (Macintosh; Intel Mac OS X 10_10_1) AppleWebKit/600.2.5 (KHTML, like Gecko) Version/8.0.2 Safari/600.2.5 (Applebot/0.1; +http://www.apple.com/go/applebot)" "-"
54.37.16.239 - - [22/Jan/2019:04:45:56 +0330] "GET /settings/logo HTTP/1.1" 200 4120 "https://www.zanbil.ir/m/browse/Professional-keyboards/%DA%A9%DB%8C%D8%A8%D9%88%D8%B1%D8%AF-%D8%AD%D8%B1%D9%81%D9%87-%D8%A7%DB%8C" "Mozilla/5.0 (Linux; Android 9; G8142 Build/47.2.A.4.41) AppleWebKit/537.36 (KHTML, like Gecko) Chrome/69.0.3497.100 Mobile Safari/537.36" "-"
54.37.16.239 - - [22/Jan/2019:04:45:56 +0330] "GET /image/51703/productModel/200x200 HTTP/1.1" 200 4559 "https://www.zanbil.ir/m/browse/Professional-keyboards/%DA%A9%DB%8C%D8%A8%D9%88%D8%B1%D8%AF-%D8%AD%D8%B1%D9%81%D9%87-%D8%A7%DB%8C" "Mozilla/5.0 (Linux; Android 9; G8142 Build/47.2.A.4.41) AppleWebKit/537.36 (KHTML, like Gecko) Chrome/69.0.3497.100 Mobile Safari/537.36" "-"
207.46.13.136 - - [22/Jan/2019:04:45:56 +0330] "GET /filter/b261,b36,b542 HTTP/1.1" 200 37591 "-" "Mozilla/5.0 (compatible; bingbot/2.0; +http://www.bing.com/bingbot.htm)" "-"
54.37.16.239 - - [22/Jan/2019:04:45:57 +0330] "GET /image/51512/productModel/200x200 HTTP/1.1" 200 5611 "https://www.zanbil.ir/m/browse/Professional-keyboards/%DA%A9%DB%8C%D8%A8%D9%88%D8%B1%D8%AF-%D8%AD%D8%B1%D9%81%D9%87-%D8%A7%DB%8C" "Mozilla/5.0 (Linux; Android 9; G8142 Build/47.2.A.4.41) AppleWebKit/537.36 (KHTML, like Gecko) Chrome/69.0.3497.100 Mobile Safari/537.36" "-"
17.58.102.43 - - [22/Jan/2019:04:45:57 +0330] "GET /filter/b571%2Cb288%2Cb70%2Cb365%2Cb454%2Cb481%2Cb332%2Cb256%2Cb359%2Cb105%2Cb36%2Cb261 HTTP/1.1" 200 38358 "-" "Mozilla/5.0 (Macintosh; Intel Mac OS X 10_10_1) AppleWebKit/600.2.5 (KHTML, like Gecko) Version/8.0.2 Safari/600.2.5 (Applebot/0.1; +http://www.apple.com/go/applebot)" "-"
17.58.102.43 - - [22/Jan/2019:04:45:57 +0330] "GET /filter/b262%2Cb221%2Cb462%2Cb541%2Cb203%2Cb580%2Cb601%2Cb276%2Cb442%2Cb648 HTTP/1.1" 200 37813 "-" "Mozilla/5.0 (Macintosh; Intel Mac OS X 10_10_1) AppleWebKit/600.2.5 (KHTML, like Gecko) Version/8.0.2 Safari/600.2.5 (Applebot/0.1; +http://www.apple.com/go/applebot)" "-"
54.37.16.239 - - [22/Jan/2019:04:45:57 +0330] "GET /image/54002/productModel/200x200 HTTP/1.1" 200 4061 "https://www.zanbil.ir/m/browse/Professional-keyboards/%DA%A9%DB%8C%D8%A8%D9%88%D8%B1%D8%AF-%D8%AD%D8%B1%D9%81%D9%87-%D8%A7%DB%8C" "Mozilla/5.0 (Linux; Android 9; G8142 Build/47.2.A.4.41) AppleWebKit/537.36 (KHTML, like Gecko) Chrome/69.0.3497.100 Mobile Safari/537.36" "-"
54.37.16.239 - - [22/Jan/2019:04:45:57 +0330] "GET /image/51546/productModel/200x200 HTTP/1.1" 200 5307 "https://www.zanbil.ir/m/browse/Professional-keyboards/%DA%A9%DB%8C%D8%A8%D9%88%D8%B1%D8%AF-%D8%AD%D8%B1%D9%81%D9%87-%D8%A7%DB%8C" "Mozilla/5.0 (Linux; Android 9; G8142 Build/47.2.A.4.41) AppleWebKit/537.36 (KHTML, like Gecko) Chrome/69.0.3497.100 Mobile Safari/537.36" "-"
54.37.16.239 - - [22/Jan/2019:04:45:57 +0330] "GET /image/51699/productModel/200x200 HTTP/1.1" 200 4151 "https://www.zanbil.ir/m/browse/Professional-keyboards/%DA%A9%DB%8C%D8%A8%D9%88%D8%B1%D8%AF-%D8%AD%D8%B1%D9%81%D9%87-%D8%A7%DB%8C" "Mozilla/5.0 (Linux; Android 9; G8142 Build/47.2.A.4.41) AppleWebKit/537.36 (KHTML, like Gecko) Chrome/69.0.3497.100 Mobile Safari/537.36" "-"
54.37.16.239 - - [22/Jan/2019:04:45:57 +0330] "GET /image/54003/productModel/200x200 HTTP/1.1" 200 3915 "https://www.zanbil.ir/m/browse/Professional-keyboards/%DA%A9%DB%8C%D8%A8%D9%88%D8%B1%D8%AF-%D8%AD%D8%B1%D9%81%D9%87-%D8%A7%DB%8C" "Mozilla/5.0 (Linux; Android 9; G8142 Build/47.2.A.4.41) AppleWebKit/537.36 (KHTML, like Gecko) Chrome/69.0.3497.100 Mobile Safari/537.36" "-"
54.37.16.239 - - [22/Jan/2019:04:45:57 +0330] "GET /image/50849/productModel/200x200 HTTP/1.1" 200 5086 "https://www.zanbil.ir/m/browse/Professional-keyboards/%DA%A9%DB%8C%D8%A8%D9%88%D8%B1%D8%AF-%D8%AD%D8%B1%D9%81%D9%87-%D8%A7%DB%8C" "Mozilla/5.0 (Linux; Android 9; G8142 Build/47.2.A.4.41) AppleWebKit/537.36 (KHTML, like Gecko) Chrome/69.0.3497.100 Mobile Safari/537.36" "-"
54.37.16.239 - - [22/Jan/2019:04:45:57 +0330] "GET /image/51544/productModel/200x200 HTTP/1.1" 200 4703 "https://www.zanbil.ir/m/browse/Professional-keyboards/%DA%A9%DB%8C%D8%A8%D9%88%D8%B1%D8%AF-%D8%AD%D8%B1%D9%81%D9%87-%D8%A7%DB%8C" "Mozilla/5.0 (Linux; Android 9; G8142 Build/47.2.A.4.41) AppleWebKit/537.36 (KHTML, like Gecko) Chrome/69.0.3497.100 Mobile Safari/537.36" "-"
54.37.16.239 - - [22/Jan/2019:04:45:57 +0330] "GET /image/54011/productModel/200x200 HTTP/1.1" 200 4510 "https://www.zanbil.ir/m/browse/Professional-keyboards/%DA%A9%DB%8C%D8%A8%D9%88%D8%B1%D8%AF-%D8%AD%D8%B1%D9%81%D9%87-%D8%A7%DB%8C" "Mozilla/5.0 (Linux; Android 9; G8142 Build/47.2.A.4.41) AppleWebKit/537.36 (KHTML, like Gecko) Chrome/69.0.3497.100 Mobile Safari/537.36" "-"
54.37.16.239 - - [22/Jan/2019:04:45:57 +0330] "GET /image/51537/productModel/200x200 HTTP/1.1" 200 4299 "https://www.zanbil.ir/m/browse/Professional-keyboards/%DA%A9%DB%8C%D8%A8%D9%88%D8%B1%D8%AF-%D8%AD%D8%B1%D9%81%D9%87-%D8%A7%DB%8C" "Mozilla/5.0 (Linux; Android 9; G8142 Build/47.2.A.4.41) AppleWebKit/537.36 (KHTML, like Gecko) Chrome/69.0.3497.100 Mobile Safari/537.36" "-"
66.249.66.194 - - [22/Jan/2019:04:45:57 +0330] "GET /m/filter/b6,p73 HTTP/1.1" 200 18553 "-" "Mozilla/5.0 (Linux; Android 6.0.1; Nexus 5X Build/MMB29P) AppleWebKit/537.36 (KHTML, like Gecko) Chrome/41.0.2272.96 Mobile Safari/537.36 (compatible; Googlebot/2.1; +http://www.google.com/bot.html)" "-"
31.184.133.101 - - [22/Jan/2019:04:45:58 +0330] "GET /filter?f=b1,b103,b105,b135,b508,b573&o=b HTTP/1.1" 301 178 "http://www.zanbil.ir/" "Mozilla/5.0 (compatible; Parsijoobot; +http://www.parsijoo.ir/bot.html; crawler@parsijoo.ir)" "-"
157.55.39.245 - - [22/Jan/2019:04:45:58 +0330] "GET /image/14331?name=mazeratiiiiii.jpg&wh=max HTTP/1.1" 200 263446 "-" "Mozilla/5.0 (compatible; bingbot/2.0; +http://www.bing.com/bingbot.htm)" "-"
66.249.66.91 - - [22/Jan/2019:04:45:59 +0330] "GET /filter/b481%2Cb874%2Cb226%2Cb570%2Cb598%2Cstexists%2Cb880%2Cb270%2Cb883%2Cb99%2Cb261%2Cb249%2Cb20%2Cb42%2Cb548%2Cb183%2Cb88%2Cb308%2Cb103%2Cb1%2Cb126%2Cb523%2Cb900%2Cb192%2Cb188%2Cb703%2Cb890%2Cb148%2Cb256%2Cb651%2Cb41%2Cb647%2Cb613%2Cb6%2Cb221%2Cb36%2Cb614%2Cb3%2Cb216%2Cb218%2Cb136%2Cb573%2Cb151%2Cb185%2Cb32%2Cb441%2Cb143%2Cb648%2Cb203%2Cb877%2Cb209%2Cb231%2Cb485%2Cb147%2Cb484?page=92 HTTP/1.1" 200 41062 "-" "Mozilla/5.0 (compatible; Googlebot/2.1; +http://www.google.com/bot.html)" "-"
66.249.66.194 - - [22/Jan/2019:04:45:59 +0330] "GET /filter/b135,b74,b858,p1 HTTP/1.1" 200 38327 "-" "Mozilla/5.0 (compatible; Googlebot/2.1; +http://www.google.com/bot.html)" "-"
157.55.39.245 - - [22/Jan/2019:04:45:59 +0330] "GET /filter/b1,b2,b36,p35 HTTP/1.1" 200 32838 "-" "Mozilla/5.0 (compatible; bingbot/2.0; +http://www.bing.com/bingbot.htm)" "-"
17.58.102.43 - - [22/Jan/2019:04:45:59 +0330] "GET /filter/b211%2Cb502%2Cb214%2Cb389%2Cb335%2Cb360%2Cb288%2Cb412%2Cb434%2Cb504%2Cb274%2Cb396%2Cb201%2Cb36%2Cb35?page=1 HTTP/1.1" 200 38458 "-" "Mozilla/5.0 (Macintosh; Intel Mac OS X 10_10_1) AppleWebKit/600.2.5 (KHTML, like Gecko) Version/8.0.2 Safari/600.2.5 (Applebot/0.1; +http://www.apple.com/go/applebot)" "-"
54.37.16.239 - - [22/Jan/2019:04:45:59 +0330] "GET /image/50844/productModel/200x200 HTTP/1.1" 200 4423 "https://www.zanbil.ir/m/browse/Professional-keyboards/%DA%A9%DB%8C%D8%A8%D9%88%D8%B1%D8%AF-%D8%AD%D8%B1%D9%81%D9%87-%D8%A7%DB%8C" "Mozilla/5.0 (Linux; Android 9; G8142 Build/47.2.A.4.41) AppleWebKit/537.36 (KHTML, like Gecko) Chrome/69.0.3497.100 Mobile Safari/537.36" "-"
54.37.16.239 - - [22/Jan/2019:04:45:59 +0330] "GET /image/50831/productModel/200x200 HTTP/1.1" 200 4088 "https://www.zanbil.ir/m/browse/Professional-keyboards/%DA%A9%DB%8C%D8%A8%D9%88%D8%B1%D8%AF-%D8%AD%D8%B1%D9%81%D9%87-%D8%A7%DB%8C" "Mozilla/5.0 (Linux; Android 9; G8142 Build/47.2.A.4.41) AppleWebKit/537.36 (KHTML, like Gecko) Chrome/69.0.3497.100 Mobile Safari/537.36" "-"
17.58.102.43 - - [22/Jan/2019:04:45:59 +0330] "GET /filter/b211%2Cb502%2Cb214%2Cb389%2Cb335%2Cb554%2Cb592%2Cb149%2Cb435 HTTP/1.1" 200 37994 "-" "Mozilla/5.0 (Macintosh; Intel Mac OS X 10_10_1) AppleWebKit/600.2.5 (KHTML, like Gecko) Version/8.0.2 Safari/600.2.5 (Applebot/0.1; +http://www.apple.com/go/applebot)" "-"
5.127.67.36 - - [22/Jan/2019:04:46:00 +0330] "GET /amp-helper-frame.html?appId=a624a1c1-0c93-466a-a546-e146710f97e6&parentOrigin=https://www-zanbil-ir.cdn.ampproject.org HTTP/1.1" 200 133 "https://www-zanbil-ir.cdn.ampproject.org/v/s/www.zanbil.ir/m/filter/b6,p73?amp_js_v=a2&amp_gsa=1&usqp=mq331AQCCAE%3D" "Mozilla/5.0 (Linux; Android 6.0; ALE-L21) AppleWebKit/537.36 (KHTML, like Gecko) Chrome/70.0.3538.110 Mobile Safari/537.36" "-"
17.58.102.43 - - [22/Jan/2019:04:46:00 +0330] "GET /filter/b211%2Cb502%2Cb229%2Cb99%2Cb367%2Cb343%2Cb323%2Cb514%2Cb411%2Cb168%2Cb256%2Cb385%2Cb215%2Cb375%2Cb50%2Cb1 HTTP/1.1" 200 38624 "-" "Mozilla/5.0 (Macintosh; Intel Mac OS X 10_10_1) AppleWebKit/600.2.5 (KHTML, like Gecko) Version/8.0.2 Safari/600.2.5 (Applebot/0.1; +http://www.apple.com/go/applebot)" "-"
37.9.113.152 - - [22/Jan/2019:04:46:01 +0330] "GET /blog/author/user1/ HTTP/1.1" 200 21630 "-" "Mozilla/5.0 (compatible; YandexBot/3.0; +http://yandex.com/bots)" "-"
157.55.39.245 - - [22/Jan/2019:04:46:01 +0330] "GET /product/31790/%DB%8C%D8%AE%DA%86%D8%A7%D9%84-%D9%81%D8%B1%DB%8C%D8%B2%D8%B1-%D8%B3%D8%A7%DB%8C%D8%AF-%D8%A8%D8%A7%DB%8C-%D8%B3%D8%A7%DB%8C%D8%AF-%D8%A7%D9%84-%D8%AC%DB%8C-%D9%85%D8%AF%D9%84-LG-Side-by-Side-SXP450 HTTP/1.1" 200 43787 "-" "Mozilla/5.0 (compatible; bingbot/2.0; +http://www.bing.com/bingbot.htm)" "-"
66.249.66.194 - - [22/Jan/2019:04:46:02 +0330] "GET /product/22099?model=46743 HTTP/1.1" 404 33631 "-" "Mozilla/5.0 (compatible; Googlebot/2.1; +http://www.google.com/bot.html)" "-"
31.184.135.121 - - [22/Jan/2019:04:46:02 +0330] "GET /filter?f=b1,b103,b105,b135,b508,b618&o=b HTTP/1.1" 301 178 "http://www.zanbil.ir/" "Mozilla/5.0 (compatible; Parsijoobot; +http://www.parsijoo.ir/bot.html; crawler@parsijoo.ir)" "-"
66.249.66.91 - - [22/Jan/2019:04:46:02 +0330] "GET /filter/b703%2Cb36%2Cb41%2Cb598%2Cb103%2Cb614%2Cb88%2Cb19%2Cb194%2Cb321%2Cb261%2Cb484%2Cb723%2Cb573%2Cb192%2Cb724%2Cb1%2Cb435%2Cb183%2Cb542%2Cb135%2Cb63%2Cb497%2Cb619%2Cb219%2Cb126%2Cb74%2Cb151%2Cb441%2Cb568%2Cb880%2Cb185%2Cb224%2Cb213%2Cb50%2Cb3%2Cb231%2Cb99%2Cb238%2Cb82%2Cb215%2Cb95%2Cb218%2Cb482%2Cb734%2Cb80%2Cb42%2Cb454?page=5 HTTP/1.1" 200 41003 "-" "Mozilla/5.0 (compatible; Googlebot/2.1; +http://www.google.com/bot.html)" "-"
66.249.66.91 - - [22/Jan/2019:04:46:02 +0330] "GET /filter/b481%2Cb874%2Cb226%2Cb570%2Cb598%2Cstexists%2Cb270%2Cb883%2Cb99%2Cb261%2Cb249%2Cb20%2Cb701%2Cb42%2Cb879%2Cb548%2Cb183%2Cb88%2Cb308%2Cb103%2Cb1%2Cb126%2Cb523%2Cb900%2Cb192%2Cb188%2Cb703%2Cb890%2Cb148%2Cb256%2Cb651%2Cb41%2Cb647%2Cb22%2Cb613%2Cb6%2Cb221%2Cb36%2Cb614%2Cb3%2Cb216%2Cb218%2Cb136%2Cb573%2Cb151%2Cb185%2Cb32%2Cb441%2Cb143%2Cb648%2Cb203%2Cb877%2Cb209%2Cb231%2Cb485%2Cb147%2Cb484%2Cb878%2Cb186?page=5 HTTP/1.1" 200 41424 "-" "Mozilla/5.0 (compatible; Googlebot/2.1; +http://www.google.com/bot.html)" "-"
66.249.66.194 - - [22/Jan/2019:04:46:02 +0330] "GET /m/filter/b1,b105,b125,b135,b186,b198,b2,b202,b212,b216,b219,b277,b32,b321,b395,b41,b420,b43,b435,b454,b481,b50,b543,b546,b568,b573,b574,b584,b597,b603,b613,b614,b615,b67,b679,b701,b8,b80,b820,b874,b88,b880,b890,b896,p5506 HTTP/1.1" 200 23177 "-" "Mozilla/5.0 (Linux; Android 6.0.1; Nexus 5X Build/MMB29P) AppleWebKit/537.36 (KHTML, like Gecko) Chrome/41.0.2272.96 Mobile Safari/537.36 (compatible; Googlebot/2.1; +http://www.google.com/bot.html)" "-"
157.55.39.245 - - [22/Jan/2019:04:46:03 +0330] "GET /product/11766 HTTP/1.1" 404 33631 "-" "Mozilla/5.0 (compatible; bingbot/2.0; +http://www.bing.com/bingbot.htm)" "-"
144.76.119.99 - - [22/Jan/2019:04:46:03 +0330] "GET /%D8%AA%D9%85%D8%AF%DB%8C%D8%AF HTTP/1.1" 404 33665 "-" "Mozilla/5.0 (compatible; MJ12bot/v1.4.8; http://mj12bot.com/)" "-"
66.249.66.194 - - [22/Jan/2019:04:46:03 +0330] "GET /m/filter/b105,b113,b118,b126,b135,b136,b151,b152,b168,b185,b192,b194,b203,b213,b215,b216,b217,b218,b22,b221,b226,b249,b258,b32,b35,b400,b41,b435,b442,b454,b482,b523,b542,b543,b548,b574,b597,b598,b6,b645,b648,b656,b67,b679,b703,b723,b724,b74,b820,b854,b88,b880,b95,b99,stexists HTTP/1.1" 200 26887 "-" "Mozilla/5.0 (Linux; Android 6.0.1; Nexus 5X Build/MMB29P) AppleWebKit/537.36 (KHTML, like Gecko) Chrome/41.0.2272.96 Mobile Safari/537.36 (compatible; Googlebot/2.1; +http://www.google.com/bot.html)" "-"
89.199.138.136 - - [22/Jan/2019:04:46:04 +0330] "GET /static/images/amp/instagram.png HTTP/1.1" 200 7146 "https://www.zanbil.ir/m/filter/p62%2Cb113" "Mozilla/5.0 (Linux; Android 6.0.1; SAMSUNG SM-G532F Build/MMB29T) AppleWebKit/537.36 (KHTML, like Gecko) SamsungBrowser/8.2 Chrome/63.0.3239.111 Mobile Safari/537.36" "-"
89.199.138.136 - - [22/Jan/2019:04:46:04 +0330] "GET /static/images/amp/telegram.png HTTP/1.1" 200 4859 "https://www.zanbil.ir/m/filter/p62%2Cb113" "Mozilla/5.0 (Linux; Android 6.0.1; SAMSUNG SM-G532F Build/MMB29T) AppleWebKit/537.36 (KHTML, like Gecko) SamsungBrowser/8.2 Chrome/63.0.3239.111 Mobile Safari/537.36" "-"
89.199.138.136 - - [22/Jan/2019:04:46:04 +0330] "GET /static/images/amp/blog.png HTTP/1.1" 200 3863 "https://www.zanbil.ir/m/filter/p62%2Cb113" "Mozilla/5.0 (Linux; Android 6.0.1; SAMSUNG SM-G532F Build/MMB29T) AppleWebKit/537.36 (KHTML, like Gecko) SamsungBrowser/8.2 Chrome/63.0.3239.111 Mobile Safari/537.36" "-"
17.58.102.43 - - [22/Jan/2019:04:46:04 +0330] "GET /filter/b211%2Cb502%2Cb214%2Cb389%2Cb335%2Cb360%2Cb554%2Cb592%2Cb311%2Cb289%2Cb431%2Cb320%2Cb445%2Cb6%2Cb403%2Cb203%2Cb530%2Cb504%2Cb337%2Cb183%2Cb596%2Cb574%2Cb41%2Cb82%2Cb482%2Cb50 HTTP/1.1" 200 39785 "-" "Mozilla/5.0 (Macintosh; Intel Mac OS X 10_10_1) AppleWebKit/600.2.5 (KHTML, like Gecko) Version/8.0.2 Safari/600.2.5 (Applebot/0.1; +http://www.apple.com/go/applebot)" "-"
89.199.138.136 - - [22/Jan/2019:04:46:04 +0330] "GET /static/images/amp/third-party/footer-mobile.png HTTP/1.1" 200 62894 "https://www.zanbil.ir/m/filter/p62%2Cb113" "Mozilla/5.0 (Linux; Android 6.0.1; SAMSUNG SM-G532F Build/MMB29T) AppleWebKit/537.36 (KHTML, like Gecko) SamsungBrowser/8.2 Chrome/63.0.3239.111 Mobile Safari/537.36" "-"
157.55.39.245 - - [22/Jan/2019:04:46:04 +0330] "GET /filter?f=b36,b238,b158 HTTP/1.1" 301 178 "-" "Mozilla/5.0 (compatible; bingbot/2.0; +http://www.bing.com/bingbot.htm)" "-"
5.218.139.61 - - [22/Jan/2019:04:46:04 +0330] "GET /m/prepareSearch?phrase=%D8%A7%D8%AC%D8%A7%D9%82+%DA%AF%D8%A7%D8%B2+%D9%84%D8%AA%D9%88 HTTP/1.1" 302 0 "https://www-zanbil-ir.cdn.ampproject.org/" "Mozilla/5.0 (iPhone; CPU iPhone OS 11_2 like Mac OS X) AppleWebKit/604.4.7 (KHTML, like Gecko) Version/11.0 Mobile/15C114 Safari/604.1" "-"
151.238.242.237 - - [22/Jan/2019:04:46:04 +0330] "GET /image/7072?name=2.jpg&wh=max HTTP/1.1" 200 57297 "https://www.zanbil.ir/m/product/7072/%DA%A9%D9%88%D9%84%D8%B1-%DA%AF%D8%A7%D8%B2%DB%8C-%D9%BE%D8%B1%D8%AA%D8%A7%D8%A8%D9%84-%DA%AF%D8%B1%DB%8C-%D9%85%D8%AF%D9%84-GREE-Air-Conditioner-C%27-Matic-H12H1" "Mozilla/5.0 (Linux; Android 5.1.1; SAMSUNG SM-J320F Build/LMY47V) AppleWebKit/537.36 (KHTML, like Gecko) SamsungBrowser/8.2 Chrome/63.0.3239.111 Mobile Safari/537.36" "-"
31.184.133.100 - - [22/Jan/2019:04:46:05 +0330] "GET /filter?f=b1,b103,b105,b135,b508,b645&o=b HTTP/1.1" 301 178 "http://www.zanbil.ir/" "Mozilla/5.0 (compatible; Parsijoobot; +http://www.parsijoo.ir/bot.html; crawler@parsijoo.ir)" "-"
66.249.66.194 - - [22/Jan/2019:04:46:05 +0330] "GET /m/browse/stove-and-oven/%D8%A7%D8%AC%D8%A7%D9%82-%DA%AF%D8%A7%D8%B2-%D9%85%D8%A8%D9%84%D9%87 HTTP/1.1" 200 19245 "-" "Mozilla/5.0 (Linux; Android 6.0.1; Nexus 5X Build/MMB29P) AppleWebKit/537.36 (KHTML, like Gecko) Chrome/41.0.2272.96 Mobile Safari/537.36 (compatible; Googlebot/2.1; +http://www.google.com/bot.html)" "-"
89.199.138.136 - - [22/Jan/2019:04:46:05 +0330] "GET /m/filter/p62%2Cb113?page=1 HTTP/1.1" 200 18823 "https://www.zanbil.ir/m/filter/p62%2Cb113" "Mozilla/5.0 (Linux; Android 6.0.1; SAMSUNG SM-G532F Build/MMB29T) AppleWebKit/537.36 (KHTML, like Gecko) SamsungBrowser/8.2 Chrome/63.0.3239.111 Mobile Safari/537.36" "-"
66.249.66.91 - - [22/Jan/2019:04:46:05 +0330] "GET /image/25245?name=taj_5360-270x360.jpg&wh=200x200 HTTP/1.1" 200 4597 "-" "Googlebot-Image/1.0" "-"
5.218.139.61 - - [22/Jan/2019:04:46:06 +0330] "GET /m/search/%D8%A7%D8%AC%D8%A7%D9%82-%DA%AF%D8%A7%D8%B2-%D9%84%D8%AA%D9%88 HTTP/1.1" 200 17011 "https://www-zanbil-ir.cdn.ampproject.org/" "Mozilla/5.0 (iPhone; CPU iPhone OS 11_2 like Mac OS X) AppleWebKit/604.4.7 (KHTML, like Gecko) Version/11.0 Mobile/15C114 Safari/604.1" "-"
5.218.139.61 - - [22/Jan/2019:04:46:06 +0330] "GET /static/images/guarantees/goodShopping.png HTTP/1.1" 200 6496 "https://www.zanbil.ir/m/search/%D8%A7%D8%AC%D8%A7%D9%82-%DA%AF%D8%A7%D8%B2-%D9%84%D8%AA%D9%88" "Mozilla/5.0 (iPhone; CPU iPhone OS 11_2 like Mac OS X) AppleWebKit/604.4.7 (KHTML, like Gecko) Version/11.0 Mobile/15C114 Safari/604.1" "-"
5.218.139.61 - - [22/Jan/2019:04:46:06 +0330] "GET /static/images/guarantees/support.png HTTP/1.1" 200 6454 "https://www.zanbil.ir/m/search/%D8%A7%D8%AC%D8%A7%D9%82-%DA%AF%D8%A7%D8%B2-%D9%84%D8%AA%D9%88" "Mozilla/5.0 (iPhone; CPU iPhone OS 11_2 like Mac OS X) AppleWebKit/604.4.7 (KHTML, like Gecko) Version/11.0 Mobile/15C114 Safari/604.1" "-"
5.218.139.61 - - [22/Jan/2019:04:46:06 +0330] "GET /static/images/guarantees/warranty.png HTTP/1.1" 200 5807 "https://www.zanbil.ir/m/search/%D8%A7%D8%AC%D8%A7%D9%82-%DA%AF%D8%A7%D8%B2-%D9%84%D8%AA%D9%88" "Mozilla/5.0 (iPhone; CPU iPhone OS 11_2 like Mac OS X) AppleWebKit/604.4.7 (KHTML, like Gecko) Version/11.0 Mobile/15C114 Safari/604.1" "-"
5.218.139.61 - - [22/Jan/2019:04:46:06 +0330] "GET /static/images/guarantees/bestPrice.png HTTP/1.1" 200 7356 "https://www.zanbil.ir/m/search/%D8%A7%D8%AC%D8%A7%D9%82-%DA%AF%D8%A7%D8%B2-%D9%84%D8%AA%D9%88" "Mozilla/5.0 (iPhone; CPU iPhone OS 11_2 like Mac OS X) AppleWebKit/604.4.7 (KHTML, like Gecko) Version/11.0 Mobile/15C114 Safari/604.1" "-"
5.218.139.61 - - [22/Jan/2019:04:46:06 +0330] "GET /static/css/font/wyekan/font.woff HTTP/1.1" 200 28536 "https://www.zanbil.ir/m/search/%D8%A7%D8%AC%D8%A7%D9%82-%DA%AF%D8%A7%D8%B2-%D9%84%D8%AA%D9%88" "Mozilla/5.0 (iPhone; CPU iPhone OS 11_2 like Mac OS X) AppleWebKit/604.4.7 (KHTML, like Gecko) Version/11.0 Mobile/15C114 Safari/604.1" "-"
5.218.139.61 - - [22/Jan/2019:04:46:06 +0330] "GET /static/images/guarantees/fastDelivery.png HTTP/1.1" 200 7713 "https://www.zanbil.ir/m/search/%D8%A7%D8%AC%D8%A7%D9%82-%DA%AF%D8%A7%D8%B2-%D9%84%D8%AA%D9%88" "Mozilla/5.0 (iPhone; CPU iPhone OS 11_2 like Mac OS X) AppleWebKit/604.4.7 (KHTML, like Gecko) Version/11.0 Mobile/15C114 Safari/604.1" "-"
91.99.72.15 - - [22/Jan/2019:04:46:06 +0330] "GET /product/32281/62612/%D9%84%D9%BE-%D8%AA%D8%A7%D9%BE-%D9%84%D9%86%D9%88%D9%88-%D9%85%D8%AF%D9%84-Lenovo-V110 HTTP/1.1" 200 43108 "-" "Mozilla/5.0 (Windows NT 6.2; Win64; x64; rv:16.0)Gecko/16.0 Firefox/16.0" "-"
5.218.139.61 - - [22/Jan/2019:04:46:07 +0330] "GET /static/images/amp/blog.png HTTP/1.1" 200 3863 "https://www.zanbil.ir/m/search/%D8%A7%D8%AC%D8%A7%D9%82-%DA%AF%D8%A7%D8%B2-%D9%84%D8%AA%D9%88" "Mozilla/5.0 (iPhone; CPU iPhone OS 11_2 like Mac OS X) AppleWebKit/604.4.7 (KHTML, like Gecko) Version/11.0 Mobile/15C114 Safari/604.1" "-"
5.218.139.61 - - [22/Jan/2019:04:46:07 +0330] "GET /static/images/amp/telegram.png HTTP/1.1" 200 4859 "https://www.zanbil.ir/m/search/%D8%A7%D8%AC%D8%A7%D9%82-%DA%AF%D8%A7%D8%B2-%D9%84%D8%AA%D9%88" "Mozilla/5.0 (iPhone; CPU iPhone OS 11_2 like Mac OS X) AppleWebKit/604.4.7 (KHTML, like Gecko) Version/11.0 Mobile/15C114 Safari/604.1" "-"
5.218.139.61 - - [22/Jan/2019:04:46:07 +0330] "GET /static/images/amp/instagram.png HTTP/1.1" 200 7146 "https://www.zanbil.ir/m/search/%D8%A7%D8%AC%D8%A7%D9%82-%DA%AF%D8%A7%D8%B2-%D9%84%D8%AA%D9%88" "Mozilla/5.0 (iPhone; CPU iPhone OS 11_2 like Mac OS X) AppleWebKit/604.4.7 (KHTML, like Gecko) Version/11.0 Mobile/15C114 Safari/604.1" "-"
5.218.139.61 - - [22/Jan/2019:04:46:07 +0330] "GET /settings/logo HTTP/1.1" 200 4120 "https://www.zanbil.ir/m/search/%D8%A7%D8%AC%D8%A7%D9%82-%DA%AF%D8%A7%D8%B2-%D9%84%D8%AA%D9%88" "Mozilla/5.0 (iPhone; CPU iPhone OS 11_2 like Mac OS X) AppleWebKit/604.4.7 (KHTML, like Gecko) Version/11.0 Mobile/15C114 Safari/604.1" "-"
5.218.139.61 - - [22/Jan/2019:04:46:07 +0330] "HEAD /amp_preconnect_polyfill_404_or_other_error_expected._Do_not_worry_about_it?1548119880000 HTTP/1.1" 404 0 "https://www.zanbil.ir/m/search/%D8%A7%D8%AC%D8%A7%D9%82-%DA%AF%D8%A7%D8%B2-%D9%84%D8%AA%D9%88" "Mozilla/5.0 (iPhone; CPU iPhone OS 11_2 like Mac OS X) AppleWebKit/604.4.7 (KHTML, like Gecko) Version/11.0 Mobile/15C114 Safari/604.1" "-"
5.218.139.61 - - [22/Jan/2019:04:46:07 +0330] "GET /static/images/amp/third-party/footer-mobile.png HTTP/1.1" 200 62894 "https://www.zanbil.ir/m/search/%D8%A7%D8%AC%D8%A7%D9%82-%DA%AF%D8%A7%D8%B2-%D9%84%D8%AA%D9%88" "Mozilla/5.0 (iPhone; CPU iPhone OS 11_2 like Mac OS X) AppleWebKit/604.4.7 (KHTML, like Gecko) Version/11.0 Mobile/15C114 Safari/604.1" "-"
5.218.139.61 - - [22/Jan/2019:04:46:07 +0330] "GET /image/1218/mainSlideMobile HTTP/1.1" 200 68123 "https://www.zanbil.ir/m/search/%D8%A7%D8%AC%D8%A7%D9%82-%DA%AF%D8%A7%D8%B2-%D9%84%D8%AA%D9%88" "Mozilla/5.0 (iPhone; CPU iPhone OS 11_2 like Mac OS X) AppleWebKit/604.4.7 (KHTML, like Gecko) Version/11.0 Mobile/15C114 Safari/604.1" "-"
89.199.138.136 - - [22/Jan/2019:04:46:07 +0330] "GET /settings/logo HTTP/1.1" 200 4120 "https://www.zanbil.ir/m/filter/p62%2Cb113?page=1" "Mozilla/5.0 (Linux; Android 6.0.1; SAMSUNG SM-G532F Build/MMB29T) AppleWebKit/537.36 (KHTML, like Gecko) SamsungBrowser/8.2 Chrome/63.0.3239.111 Mobile Safari/537.36" "-"
89.199.138.136 - - [22/Jan/2019:04:46:07 +0330] "GET /image/61483/productModel/200x200 HTTP/1.1" 200 5092 "https://www.zanbil.ir/m/filter/p62%2Cb113?page=1" "Mozilla/5.0 (Linux; Android 6.0.1; SAMSUNG SM-G532F Build/MMB29T) AppleWebKit/537.36 (KHTML, like Gecko) SamsungBrowser/8.2 Chrome/63.0.3239.111 Mobile Safari/537.36" "-"
89.199.138.136 - - [22/Jan/2019:04:46:07 +0330] "GET /image/60825/productModel/200x200 HTTP/1.1" 200 3908 "https://www.zanbil.ir/m/filter/p62%2Cb113?page=1" "Mozilla/5.0 (Linux; Android 6.0.1; SAMSUNG SM-G532F Build/MMB29T) AppleWebKit/537.36 (KHTML, like Gecko) SamsungBrowser/8.2 Chrome/63.0.3239.111 Mobile Safari/537.36" "-"
89.199.138.136 - - [22/Jan/2019:04:46:07 +0330] "GET /image/61474/productModel/200x200 HTTP/1.1" 200 5379 "https://www.zanbil.ir/m/filter/p62%2Cb113?page=1" "Mozilla/5.0 (Linux; Android 6.0.1; SAMSUNG SM-G532F Build/MMB29T) AppleWebKit/537.36 (KHTML, like Gecko) SamsungBrowser/8.2 Chrome/63.0.3239.111 Mobile Safari/537.36" "-"
89.199.138.136 - - [22/Jan/2019:04:46:07 +0330] "GET /image/60850/productModel/200x200 HTTP/1.1" 200 5317 "https://www.zanbil.ir/m/filter/p62%2Cb113?page=1" "Mozilla/5.0 (Linux; Android 6.0.1; SAMSUNG SM-G532F Build/MMB29T) AppleWebKit/537.36 (KHTML, like Gecko) SamsungBrowser/8.2 Chrome/63.0.3239.111 Mobile Safari/537.36" "-"
89.199.138.136 - - [22/Jan/2019:04:46:07 +0330] "GET /image/61590/productModel/200x200 HTTP/1.1" 200 5257 "https://www.zanbil.ir/m/filter/p62%2Cb113?page=1" "Mozilla/5.0 (Linux; Android 6.0.1; SAMSUNG SM-G532F Build/MMB29T) AppleWebKit/537.36 (KHTML, like Gecko) SamsungBrowser/8.2 Chrome/63.0.3239.111 Mobile Safari/537.36" "-"
5.218.139.61 - - [22/Jan/2019:04:46:07 +0330] "GET /image/1210/mainSlideMobile HTTP/1.1" 200 66326 "https://www.zanbil.ir/m/search/%D8%A7%D8%AC%D8%A7%D9%82-%DA%AF%D8%A7%D8%B2-%D9%84%D8%AA%D9%88" "Mozilla/5.0 (iPhone; CPU iPhone OS 11_2 like Mac OS X) AppleWebKit/604.4.7 (KHTML, like Gecko) Version/11.0 Mobile/15C114 Safari/604.1" "-"
5.218.139.61 - - [22/Jan/2019:04:46:07 +0330] "GET /image/1215/mainSlideMobile HTTP/1.1" 200 69159 "https://www.zanbil.ir/m/search/%D8%A7%D8%AC%D8%A7%D9%82-%DA%AF%D8%A7%D8%B2-%D9%84%D8%AA%D9%88" "Mozilla/5.0 (iPhone; CPU iPhone OS 11_2 like Mac OS X) AppleWebKit/604.4.7 (KHTML, like Gecko) Version/11.0 Mobile/15C114 Safari/604.1" "-"
66.249.66.91 - - [22/Jan/2019:04:46:07 +0330] "GET /filter/b703%2Cb36%2Cb41%2Cb598%2Cb103%2Cb614%2Cb88%2Cb19%2Cb194%2Cb321%2Cb261%2Cb484%2Cb723%2Cb573%2Cb192%2Cb724%2Cb1%2Cb435%2Cb183%2Cb542%2Cb135%2Cb63%2Cb497%2Cb619%2Cb219%2Cb126%2Cb74%2Cb151%2Cb441%2Cb568%2Cb880%2Cb185%2Cb224%2Cb213%2Cb50%2Cb3%2Cb231%2Cb99%2Cb238%2Cb82%2Cb215%2Cb95%2Cb218%2Cb482%2Cb734%2Cb80%2Cb42%2Cb454?page=219 HTTP/1.1" 200 32021 "-" "Mozilla/5.0 (compatible; Googlebot/2.1; +http://www.google.com/bot.html)" "-"
37.9.113.152 - - [22/Jan/2019:04:46:08 +0330] "GET /product/30426/60117/%D8%B9%D8%B7%D8%B1-%D9%88-%D8%A7%D8%AF%DA%A9%D9%84%D9%86-%D8%B2%D9%86%D8%A7%D9%86%D9%87-%D8%B4%D8%A7%D9%86%D9%84-%D9%85%D8%AF%D9%84-N%C2%B019 HTTP/1.1" 403 134 "-" "Mozilla/5.0 (compatible; YandexBot/3.0; +http://yandex.com/bots)" "-"